// Jest Snapshot v1, https://goo.gl/fbAQLP

exports[`matches snapshot 1`] = `
<div
  className="component-button"
>
  <button
    data-testid="boton"
    onClick={[Function]}
  >
    -
  </button>
</div>
`;
